Microchip MPLAB XC8 Compiler V2.40

Linker command line:

-W-3 \
  --edf=C:\Program Files\Microchip\xc8\v2.40\pic\dat\20220703182018_en.msgs \
  -cn -h+dist/default/production\CAN_ONE.X.production.sym \
  --cmf=dist/default/production\CAN_ONE.X.production.cmf -z -Q18F4550 \
  -oC:\Users\casti\AppData\Local\Temp\xcAs5eo.4 --defsym=__MPLAB_BUILD=1 \
  --fixupoverflow=error -Mdist/default/production/CAN_ONE.X.production.map \
  --md=C:\Users\casti\AppData\Local\Temp\xcAs5eo.dat -E1 -ver=XC8 Compiler \
  --acfsm=1493 -ACODE=00h-062AFh,078CAh-07FFFh \
  -ACONST=00h-062AFh,078CAh-07FFFh \
  -ASMALLCONST=0800h-08FFhx90,06200h-062AFh,078CAh-078FFh,07900h-079FFhx7 \
  -AMEDIUMCONST=0800h-062AFh,078CAh-07FFFh -ACOMRAM=01h-05Fh \
  -AABS1=00h-07FFh -ABIGRAM=01h-07FFh -ARAM=060h-0FFh,0100h-01FFhx7 \
  -ABANK0=060h-0FFh -ABANK1=0100h-01FFh -ABANK2=0200h-02FFh \
  -ABANK3=0300h-03FFh -ABANK4=0400h-04FFh -ABANK5=0500h-05FFh \
  -ABANK6=0600h-06FFh -ABANK7=0700h-07FFh -ASFR=0F60h-0FFFh \
  -ABIGSFR=0F60h-0FFFh -ACONFIG=0300000h-030000Dh -AIDLOC=0200000h-0200007h \
  -AEEDATA=0F00000h-0F000FFh -peeprom_data=EEDATA \
  -preset_vec=00h,intcode,intcodelo,powerup,init -pramtop=0800h \
  -psmallconst=SMALLCONST -pmediumconst=MEDIUMCONST -pconst=CONST \
  -AFARRAM=00h-00h \
  -prdata=COMRAM,nvrram=COMRAM,nvbit=COMRAM,rbss=COMRAM,rbit=COMRAM \
  -pfarbss=FARRAM,fardata=FARRAM,nvFARRAM=FARRAM \
  -pintsave_regs=BIGRAM,bigbss=BIGRAM,bigdata=BIGRAM -pbss=RAM \
  -pidata=CODE,irdata=CODE,ibigdata=CODE,ifardata=CODE -prparam=COMRAM \
  C:\Users\casti\AppData\Local\Temp\xcAs5eo.o \
  dist/default/production\CAN_ONE.X.production.o 

Object code version is 3.11

Machine type is 18F4550



                Name                               Link     Load   Length Selector   Space Scale
C:\Users\casti\AppData\Local\Temp\xcAs5eo.o
                idloc                            200000   200000        8        0       5
                config                           300000   300000        E        0       4
                init                                  0        0        4        0       0
dist/default/production\CAN_ONE.X.production.o
                idloc                            200000   200000        8        0       5
                config                           300000   300000        E        0       4
                text13                             5DF4     5DF4       1C     2EFA       0
                text12                             5E10     5E10       1C     2F08       0
                text11                             5E2C     5E2C       1C     2F16       0
                text10                             5F64     5F64       B6     2FB2       0
                text9                              5E48     5E48       20     2F24       0
                text8                              601A     601A      142     300D       0
                text7                              5D98     5D98       14     2ECC       0
                text6                              5EC6     5EC6       4A     2F63       0
                text5                              5E68     5E68       28     2F34       0
                text4                              5DC2     5DC2       18     2EE1       0
                text3                              5DDA     5DDA       1A     2EED       0
                text2                              615C     615C      154     30AE       0
                text1                              5E90     5E90       36     2F48       0
                text0                              5F10     5F10       54     2F88       0
                cstackCOMRAM                         25       25        C        1       1
                bssCOMRAM                             1        1       24        1       1
                cinit                              5DAC     5DAC       16     2ED6       0

TOTAL           Name                               Link     Load   Length     Space
        CLASS   CODE           
                init                                  0        0        4         0
                text13                             5DF4     5DF4       1C         0
                text12                             5E10     5E10       1C         0
                text11                             5E2C     5E2C       1C         0
                text10                             5F64     5F64       B6         0
                text9                              5E48     5E48       20         0
                text8                              601A     601A      142         0
                text7                              5D98     5D98       14         0
                text6                              5EC6     5EC6       4A         0
                text5                              5E68     5E68       28         0
                text4                              5DC2     5DC2       18         0
                text3                              5DDA     5DDA       1A         0
                text2                              615C     615C      154         0
                text1                              5E90     5E90       36         0
                text0                              5F10     5F10       54         0
                cinit                              5DAC     5DAC       16         0

        CLASS   CONST          

        CLASS   SMALLCONST     

        CLASS   MEDIUMCONST    

        CLASS   COMRAM         
                cstackCOMRAM                         25       25        C         1
                bssCOMRAM                             1        1       24         1

        CLASS   ABS1           

        CLASS   BIGRAM         

        CLASS   RAM            

        CLASS   BANK0          

        CLASS   BANK1          

        CLASS   BANK2          

        CLASS   BANK3          

        CLASS   BANK4          

        CLASS   BANK5          

        CLASS   BANK6          

        CLASS   BANK7          

        CLASS   SFR            

        CLASS   BIGSFR         

        CLASS   CONFIG         
                config                           300000   300000        E         4

        CLASS   IDLOC          
                idloc                            200000   200000        8         5

        CLASS   EEDATA         

        CLASS   FARRAM         

        CLASS   HEAP           

        CLASS   STACK          



SEGMENTS        Name                           Load    Length   Top    Selector   Space  Class

                reset_vec                      000000  000004  000004         0       0  CODE    
                bssCOMRAM                      000001  000030  000031         1       1  COMRAM  
                text7                          005D98  000014  005DAC      2ECC       0  CODE    
                cinit                          005DAC  000016  005DC2      2ED6       0  CODE    
                text4                          005DC2  000018  005DDA      2EE1       0  CODE    
                text3                          005DDA  00001A  005DF4      2EED       0  CODE    
                text13                         005DF4  00001C  005E10      2EFA       0  CODE    
                text12                         005E10  00001C  005E2C      2F08       0  CODE    
                text11                         005E2C  00001C  005E48      2F16       0  CODE    
                text9                          005E48  000020  005E68      2F24       0  CODE    
                text5                          005E68  000028  005E90      2F34       0  CODE    
                text1                          005E90  000036  005EC6      2F48       0  CODE    
                text6                          005EC6  00004A  005F10      2F63       0  CODE    
                text0                          005F10  000054  005F64      2F88       0  CODE    
                text10                         005F64  0000B6  00601A      2FB2       0  CODE    
                text8                          00601A  000142  00615C      300D       0  CODE    
                text2                          00615C  000154  0062B0      30AE       0  CODE    


UNUSED ADDRESS RANGES

        Name                Unused          Largest block    Delta
        BANK0            000060-0000FF               A0
        BANK1            000100-0001FF              100
        BANK2            000200-0002FF              100
        BANK3            000300-0003FF              100
        BANK4            000400-0004FF              100
        BANK5            000500-0005FF              100
        BANK6            000600-0006FF              100
        BANK7            000700-0007FF              100
        BIGRAM           000031-0007FF              7CF
        BIGSFR           000F60-000FFF               A0
        CODE             000004-005D97             5D94
                         0078CA-007FFF              736
        COMRAM           000031-00005F               2F
        CONST            000004-005D97             5D94
                         0078CA-007FFF              736
        EEDATA           F00000-F000FF              100
        MEDIUMCONST      000800-005D97             5598
                         0078CA-007FFF              736
        RAM              000060-0007FF              100
        SFR              000F60-000FFF               A0
        SMALLCONST       000800-005D97              100
                         0078CA-007FFF              100

                                  Symbol Table

SPI_receive@data              cstackCOMRAM 000025
SPI_send@data                 cstackCOMRAM 000025
_ADCON0                       (abs)        000FC2
_ADCON1                       (abs)        000FC1
_LATB                         (abs)        000F8A
_LATBbits                     (abs)        000F8A
_OSCCON                       (abs)        000FD3
_PIR1bits                     (abs)        000F9E
_PORTAbits                    (abs)        000F80
_SPI_ini                      text7        005D98
_SPI_receive                  text13       005DF4
_SPI_send                     text12       005E10
_SSPBUF                       (abs)        000FC9
_SSPCON1                      (abs)        000FC6
_SSPSTAT                      (abs)        000FC7
_SSPSTATbits                  (abs)        000FC7
_TRISAbits                    (abs)        000F92
_TRISB                        (abs)        000F93
_TRISBbits                    (abs)        000F93
_TRISCbits                    (abs)        000F94
__HRAM                        (abs)        000000
__Habs1                       abs1         000000
__Hbank0                      bank0        000000
__Hbank1                      bank1        000000
__Hbank2                      bank2        000000
__Hbank3                      bank3        000000
__Hbank4                      bank4        000000
__Hbank5                      bank5        000000
__Hbank6                      bank6        000000
__Hbank7                      bank7        000000
__Hbigbss                     bigbss       000000
__Hbigdata                    bigdata      000000
__Hbigram                     bigram       000000
__Hbigsfr                     bigsfr       000000
__Hbss                        bss          000000
__HbssCOMRAM                  bssCOMRAM    000000
__Hcinit                      cinit        000000
__Hclrtext                    clrtext      000000
__Hcomram                     comram       000000
__Hconfig                     config       30000E
__Hconst                      const        000000
__HcstackCOMRAM               cstackCOMRAM 000000
__Hdata                       data         000000
__Heeprom_data                eeprom_data  000000
__Hfarbss                     farbss       000000
__Hfardata                    fardata      000000
__Hheap                       heap         000000
__Hibigdata                   ibigdata     000000
__Hidata                      idata        000000
__Hidloc                      idloc        200008
__Hifardata                   ifardata     000000
__Hinit                       init         000004
__Hintcode                    intcode      000000
__Hintcode_body               intcode_body 000000
__Hintcodelo                  intcodelo    000000
__Hintentry                   intentry     000000
__Hintret                     intret       000000
__Hintsave_regs               intsave_regs 000000
__Hirdata                     irdata       000000
__Hmediumconst                mediumconst  000000
__HnvFARRAM                   nvFARRAM     000000
__Hnvbit                      nvbit        000000
__Hnvrram                     nvrram       000000
__Hparam                      rparam       000000
__Hpowerup                    powerup      000000
__Hram                        ram          000000
__Hramtop                     ramtop       000800
__Hrbit                       rbit         000000
__Hrbss                       rbss         000000
__Hrdata                      rdata        000000
__Hreset_vec                  reset_vec    000000
__Hrparam                     rparam       000000
__Hsfr                        sfr          000000
__Hsmallconst                 smallconst   000000
__Hspace_0                    (abs)        0062B0
__Hspace_1                    (abs)        000031
__Hspace_2                    (abs)        000000
__Hspace_4                    (abs)        60000E
__Hstack                      stack        000000
__Hstruct                     struct       000000
__Htemp                       temp         000000
__Htext                       text         000000
__Htext0                      text0        000000
__Htext1                      text1        000000
__Htext10                     text10       000000
__Htext11                     text11       000000
__Htext12                     text12       000000
__Htext13                     text13       000000
__Htext2                      text2        000000
__Htext3                      text3        000000
__Htext4                      text4        000000
__Htext5                      text5        000000
__Htext6                      text6        000000
__Htext7                      text7        000000
__Htext8                      text8        000000
__Htext9                      text9        000000
__LRAM                        (abs)        000001
__Labs1                       abs1         000000
__Lbank0                      bank0        000000
__Lbank1                      bank1        000000
__Lbank2                      bank2        000000
__Lbank3                      bank3        000000
__Lbank4                      bank4        000000
__Lbank5                      bank5        000000
__Lbank6                      bank6        000000
__Lbank7                      bank7        000000
__Lbigbss                     bigbss       000000
__Lbigdata                    bigdata      000000
__Lbigram                     bigram       000000
__Lbigsfr                     bigsfr       000000
__Lbss                        bss          000000
__LbssCOMRAM                  bssCOMRAM    000000
__Lcinit                      cinit        000000
__Lclrtext                    clrtext      000000
__Lcomram                     comram       000000
__Lconfig                     config       000000
__Lconst                      const        000000
__LcstackCOMRAM               cstackCOMRAM 000000
__Ldata                       data         000000
__Leeprom_data                eeprom_data  000000
__Lfarbss                     farbss       000000
__Lfardata                    fardata      000000
__Lheap                       heap         000000
__Libigdata                   ibigdata     000000
__Lidata                      idata        000000
__Lidloc                      idloc        000000
__Lifardata                   ifardata     000000
__Linit                       init         000000
__Lintcode                    intcode      000000
__Lintcode_body               intcode_body 000000
__Lintcodelo                  intcodelo    000000
__Lintentry                   intentry     000000
__Lintret                     intret       000000
__Lintsave_regs               intsave_regs 000000
__Lirdata                     irdata       000000
__Lmediumconst                mediumconst  000000
__LnvFARRAM                   nvFARRAM     000000
__Lnvbit                      nvbit        000000
__Lnvrram                     nvrram       000000
__Lparam                      rparam       000000
__Lpowerup                    powerup      000000
__Lram                        ram          000000
__Lramtop                     ramtop       000800
__Lrbit                       rbit         000000
__Lrbss                       rbss         000000
__Lrdata                      rdata        000000
__Lreset_vec                  reset_vec    000000
__Lrparam                     rparam       000000
__Lsfr                        sfr          000000
__Lsmallconst                 smallconst   000000
__Lspace_0                    (abs)        000000
__Lspace_1                    (abs)        000000
__Lspace_2                    (abs)        000000
__Lspace_4                    (abs)        000000
__Lstack                      stack        000000
__Lstruct                     struct       000000
__Ltemp                       temp         000000
__Ltext                       text         000000
__Ltext0                      text0        000000
__Ltext1                      text1        000000
__Ltext10                     text10       000000
__Ltext11                     text11       000000
__Ltext12                     text12       000000
__Ltext13                     text13       000000
__Ltext2                      text2        000000
__Ltext3                      text3        000000
__Ltext4                      text4        000000
__Ltext5                      text5        000000
__Ltext6                      text6        000000
__Ltext7                      text7        000000
__Ltext8                      text8        000000
__Ltext9                      text9        000000
__S0                          (abs)        0062B0
__S1                          (abs)        000031
__S4                          (abs)        000000
__S5                          (abs)        000000
___heap_hi                    (abs)        000000
___heap_lo                    (abs)        000000
___inthi_sp                   stack        000000
___intlo_sp                   stack        000000
___param_bank                 (abs)        000000
___rparam_used                (abs)        000001
___sp                         stack        000000
__accesstop                   (abs)        000060
__activetblptr                (abs)        000002
__end_of_SPI_ini              text7        005DAC
__end_of_SPI_receive          text13       005E10
__end_of_SPI_send             text12       005E2C
__end_of__initialization      cinit        005DB8
__end_of_canRead              text10       00601A
__end_of_canSend              text8        00615C
__end_of_delayMS              text6        005F10
__end_of_delayUS              text5        005E90
__end_of_hardware_ini         text1        005EC6
__end_of_main                 text0        005F64
__end_of_mcp2515BitChange     text9        005E68
__end_of_mcp2515ReadRegister  text11       005E48
__end_of_mcp2515Reset         text4        005DDA
__end_of_mcp2515Start         text2        0062B0
__end_of_mcp2515WriteRegister text3        005DF4
__initialization              cinit        005DAC
__mediumconst                 mediumconst  000000
__pbssCOMRAM                  bssCOMRAM    000001
__pcinit                      cinit        005DAC
__pcstackCOMRAM               cstackCOMRAM 000025
__ptext0                      text0        005F10
__ptext1                      text1        005E90
__ptext10                     text10       005F64
__ptext11                     text11       005E2C
__ptext12                     text12       005E10
__ptext13                     text13       005DF4
__ptext2                      text2        00615C
__ptext3                      text3        005DDA
__ptext4                      text4        005DC2
__ptext5                      text5        005E68
__ptext6                      text6        005EC6
__ptext7                      text7        005D98
__ptext8                      text8        00601A
__ptext9                      text9        005E48
__ramtop                      ramtop       000800
__smallconst                  smallconst   000000
_canMessageReceived           bssCOMRAM    000001
_canMessageSend               bssCOMRAM    00000B
_canRead                      text10       005F64
_canSend                      text8        00601A
_dataRead                     bssCOMRAM    00001D
_dataSend                     bssCOMRAM    000015
_delayMS                      text6        005EC6
_delayUS                      text5        005E68
_hardware_ini                 text1        005E90
_main                         text0        005F10
_mcp2515BitChange             text9        005E48
_mcp2515ReadRegister          text11       005E2C
_mcp2515Reset                 text4        005DC2
_mcp2515Start                 text2        00615C
_mcp2515WriteRegister         text3        005DDA
canRead@data                  cstackCOMRAM 000028
canRead@i                     cstackCOMRAM 00002C
canRead@i_426                 cstackCOMRAM 00002D
canRead@id                    cstackCOMRAM 00002F
canRead@lenght                cstackCOMRAM 00002E
canSend@data                  cstackCOMRAM 00002B
canSend@i                     cstackCOMRAM 00002E
canSend@i_418                 cstackCOMRAM 00002F
canSend@i_419                 cstackCOMRAM 000030
canSend@id                    cstackCOMRAM 000029
canSend@lenght                cstackCOMRAM 00002A
canSend@txb                   cstackCOMRAM 00002D
delayMS@i                     cstackCOMRAM 000027
delayMS@ms                    cstackCOMRAM 000029
delayMS@time                  cstackCOMRAM 000025
delayUS@i                     cstackCOMRAM 000027
delayUS@time                  cstackCOMRAM 000025
end_of_initialization         cinit        005DB8
intlevel0                     text         000000
intlevel1                     text         000000
intlevel2                     text         000000
intlevel3                     text         000000
isa$std                       (abs)        000001
isa$xinst                     (abs)        000000
mcp2515BitChange@addressReg   cstackCOMRAM 000028
mcp2515BitChange@maskBit      cstackCOMRAM 000026
mcp2515BitChange@valueNew     cstackCOMRAM 000027
mcp2515ReadRegister@address   cstackCOMRAM 000026
mcp2515ReadRegister@buffer    cstackCOMRAM 000027
mcp2515Start@i                cstackCOMRAM 00002D
mcp2515Start@i_398            cstackCOMRAM 00002E
mcp2515Start@i_399            cstackCOMRAM 00002F
mcp2515WriteRegister@address  cstackCOMRAM 000027
mcp2515WriteRegister@value    cstackCOMRAM 000026
stackhi                       (abs)        000000
stacklo                       (abs)        000000
start                         init         000000
start_initialization          cinit        005DAC


MODULE INFORMATION

Module		Function		Class		Link	Load	Size
delayMy.c
		_delayUS       		CODE           	5E68	0000	40
		_delayMS       		CODE           	5EC6	0000	74

delayMy.c estimated size: 114

spi.c
		_SPI_ini       		CODE           	5D98	0000	20
		_SPI_send      		CODE           	5E10	0000	28
		_SPI_receive   		CODE           	5DF4	0000	28

spi.c estimated size: 76

shared
		__initialization		CODE           	5DAC	0000	12

shared estimated size: 12

can.c
		_mcp2515BitChange		CODE           	5E48	0000	32
		_canSend       		CODE           	601A	0000	322
		_mcp2515ReadRegister		CODE           	5E2C	0000	28
		_canRead       		CODE           	5F64	0000	182
		_mcp2515WriteRegister		CODE           	5DDA	0000	26
		_mcp2515Reset  		CODE           	5DC2	0000	24
		_mcp2515Start  		CODE           	615C	0000	340

can.c estimated size: 954

hardware.c
		_hardware_ini  		CODE           	5E90	0000	54

hardware.c estimated size: 54

main.c
		_main          		CODE           	5F10	0000	84

main.c estimated size: 84

